[2026-04-25 00:15:46] local.WARNING: bitcotask call failed {"method":"GET","path":"/offers/ptc","err":"Client error: `GET https://bitcotasks.com/api/publisher/offers/ptc` resulted in a `403 Forbidden` response:
{\"status\":\"403\",\"message\":\"Offerwall is not valid or not active\"}
"} 
[2026-04-25 00:15:46] local.WARNING: bitcotask call failed {"method":"GET","path":"/offers/shortlinks","err":"Client error: `GET https://bitcotasks.com/api/publisher/offers/shortlinks` resulted in a `403 Forbidden` response:
{\"status\":\"403\",\"message\":\"Offerwall is not valid or not active\"}
"} 
[2026-04-25 03:01:17] local.ERROR: Route [verification.verify] not defined. {"exception":"[object] (Symfony\\Component\\Routing\\Exception\\RouteNotFoundException(code: 0): Route [verification.verify] not defined. at /var/www/vendor/laravel/framework/src/Illuminate/Routing/UrlGenerator.php:517)
[stacktrace]
#0 /var/www/vendor/laravel/framework/src/Illuminate/Routing/UrlGenerator.php(376): Illuminate\\Routing\\UrlGenerator->route('verification.ve...', Array, true)
#1 /var/www/vendor/laravel/framework/src/Illuminate/Routing/UrlGenerator.php(414): Illuminate\\Routing\\UrlGenerator->signedRoute('verification.ve...', Array, Object(Illuminate\\Support\\Carbon), true)
#2 /var/www/vendor/laravel/framework/src/Illuminate/Support/Facades/Facade.php(361): Illuminate\\Routing\\UrlGenerator->temporarySignedRoute('verification.ve...', Object(Illuminate\\Support\\Carbon), Array)
#3 /var/www/app/Mail/WelcomeEmail.php(36): Illuminate\\Support\\Facades\\Facade::__callStatic('temporarySigned...', Array)
#4 /var/www/vendor/laravel/framework/src/Illuminate/Mail/Mailable.php(1732): App\\Mail\\WelcomeEmail->content()
#5 /var/www/vendor/laravel/framework/src/Illuminate/Mail/Mailable.php(1649): Illuminate\\Mail\\Mailable->ensureContentIsHydrated()
#6 /var/www/vendor/laravel/framework/src/Illuminate/Mail/Mailable.php(201): Illuminate\\Mail\\Mailable->prepareMailableForDelivery()
#7 /var/www/vendor/laravel/framework/src/Illuminate/Support/Traits/Localizable.php(19): Illuminate\\Mail\\Mailable->Illuminate\\Mail\\{closure}()
#8 /var/www/vendor/laravel/framework/src/Illuminate/Mail/Mailable.php(200): Illuminate\\Mail\\Mailable->withLocale(NULL, Object(Closure))
#9 /var/www/vendor/laravel/framework/src/Illuminate/Mail/SendQueuedMailable.php(83): Illuminate\\Mail\\Mailable->send(Object(Illuminate\\Mail\\MailManager))
#10 /var/www/vendor/laravel/framework/src/Illuminate/Container/BoundMethod.php(36): Illuminate\\Mail\\SendQueuedMailable->handle(Object(Illuminate\\Mail\\MailManager))
#11 /var/www/vendor/laravel/framework/src/Illuminate/Container/Util.php(43): Illuminate\\Container\\BoundMethod::Illuminate\\Container\\{closure}()
#12 /var/www/vendor/laravel/framework/src/Illuminate/Container/BoundMethod.php(95): Illuminate\\Container\\Util::unwrapIfClosure(Object(Closure))
#13 /var/www/vendor/laravel/framework/src/Illuminate/Container/BoundMethod.php(35): Illuminate\\Container\\BoundMethod::callBoundMethod(Object(Illuminate\\Foundation\\Application), Array, Object(Closure))
#14 /var/www/vendor/laravel/framework/src/Illuminate/Container/Container.php(696): Illuminate\\Container\\BoundMethod::call(Object(Illuminate\\Foundation\\Application), Array, Array, NULL)
#15 /var/www/vendor/laravel/framework/src/Illuminate/Bus/Dispatcher.php(126): Illuminate\\Container\\Container->call(Array)
#16 /var/www/vendor/laravel/framework/src/Illuminate/Pipeline/Pipeline.php(170): Illuminate\\Bus\\Dispatcher->Illuminate\\Bus\\{closure}(Object(Illuminate\\Mail\\SendQueuedMailable))
#17 /var/www/vendor/laravel/framework/src/Illuminate/Pipeline/Pipeline.php(127): Illuminate\\Pipeline\\Pipeline->Illuminate\\Pipeline\\{closure}(Object(Illuminate\\Mail\\SendQueuedMailable))
#18 /var/www/vendor/laravel/framework/src/Illuminate/Bus/Dispatcher.php(130): Illuminate\\Pipeline\\Pipeline->then(Object(Closure))
#19 /var/www/vendor/laravel/framework/src/Illuminate/Queue/CallQueuedHandler.php(126): Illuminate\\Bus\\Dispatcher->dispatchNow(Object(Illuminate\\Mail\\SendQueuedMailable), false)
#20 /var/www/vendor/laravel/framework/src/Illuminate/Pipeline/Pipeline.php(170): Illuminate\\Queue\\CallQueuedHandler->Illuminate\\Queue\\{closure}(Object(Illuminate\\Mail\\SendQueuedMailable))
#21 /var/www/vendor/laravel/framework/src/Illuminate/Pipeline/Pipeline.php(127): Illuminate\\Pipeline\\Pipeline->Illuminate\\Pipeline\\{closure}(Object(Illuminate\\Mail\\SendQueuedMailable))
#22 /var/www/vendor/laravel/framework/src/Illuminate/Queue/CallQueuedHandler.php(121): Illuminate\\Pipeline\\Pipeline->then(Object(Closure))
#23 /var/www/vendor/laravel/framework/src/Illuminate/Queue/CallQueuedHandler.php(69): Illuminate\\Queue\\CallQueuedHandler->dispatchThroughMiddleware(Object(Illuminate\\Queue\\Jobs\\RedisJob), Object(Illuminate\\Mail\\SendQueuedMailable))
#24 /var/www/vendor/laravel/framework/src/Illuminate/Queue/Jobs/Job.php(102): Illuminate\\Queue\\CallQueuedHandler->call(Object(Illuminate\\Queue\\Jobs\\RedisJob), Array)
#25 /var/www/vendor/laravel/framework/src/Illuminate/Queue/Worker.php(442): Illuminate\\Queue\\Jobs\\Job->fire()
#26 /var/www/vendor/laravel/framework/src/Illuminate/Queue/Worker.php(392): Illuminate\\Queue\\Worker->process('redis', Object(Illuminate\\Queue\\Jobs\\RedisJob), Object(Illuminate\\Queue\\WorkerOptions))
#27 /var/www/vendor/laravel/framework/src/Illuminate/Queue/Worker.php(178): Illuminate\\Queue\\Worker->runJob(Object(Illuminate\\Queue\\Jobs\\RedisJob), 'redis', Object(Illuminate\\Queue\\WorkerOptions))
#28 /var/www/vendor/laravel/framework/src/Illuminate/Queue/Console/WorkCommand.php(149): Illuminate\\Queue\\Worker->daemon('redis', 'default', Object(Illuminate\\Queue\\WorkerOptions))
#29 /var/www/vendor/laravel/framework/src/Illuminate/Queue/Console/WorkCommand.php(132): Illuminate\\Queue\\Console\\WorkCommand->runWorker('redis', 'default')
#30 /var/www/vendor/laravel/framework/src/Illuminate/Container/BoundMethod.php(36): Illuminate\\Queue\\Console\\WorkCommand->handle()
#31 /var/www/vendor/laravel/framework/src/Illuminate/Container/Util.php(43): Illuminate\\Container\\BoundMethod::Illuminate\\Container\\{closure}()
#32 /var/www/vendor/laravel/framework/src/Illuminate/Container/BoundMethod.php(95): Illuminate\\Container\\Util::unwrapIfClosure(Object(Closure))
#33 /var/www/vendor/laravel/framework/src/Illuminate/Container/BoundMethod.php(35): Illuminate\\Container\\BoundMethod::callBoundMethod(Object(Illuminate\\Foundation\\Application), Array, Object(Closure))
#34 /var/www/vendor/laravel/framework/src/Illuminate/Container/Container.php(696): Illuminate\\Container\\BoundMethod::call(Object(Illuminate\\Foundation\\Application), Array, Array, NULL)
#35 /var/www/vendor/laravel/framework/src/Illuminate/Console/Command.php(213): Illuminate\\Container\\Container->call(Array)
#36 /var/www/vendor/symfony/console/Command/Command.php(341): Illuminate\\Console\\Command->execute(Object(Symfony\\Component\\Console\\Input\\ArgvInput), Object(Illuminate\\Console\\OutputStyle))
#37 /var/www/vendor/laravel/framework/src/Illuminate/Console/Command.php(182): Symfony\\Component\\Console\\Command\\Command->run(Object(Symfony\\Component\\Console\\Input\\ArgvInput), Object(Illuminate\\Console\\OutputStyle))
#38 /var/www/vendor/symfony/console/Application.php(1117): Illuminate\\Console\\Command->run(Object(Symfony\\Component\\Console\\Input\\ArgvInput), Object(Symfony\\Component\\Console\\Output\\ConsoleOutput))
#39 /var/www/vendor/symfony/console/Application.php(356): Symfony\\Component\\Console\\Application->doRunCommand(Object(Illuminate\\Queue\\Console\\WorkCommand), Object(Symfony\\Component\\Console\\Input\\ArgvInput), Object(Symfony\\Component\\Console\\Output\\ConsoleOutput))
#40 /var/www/vendor/symfony/console/Application.php(195): Symfony\\Component\\Console\\Application->doRun(Object(Symfony\\Component\\Console\\Input\\ArgvInput), Object(Symfony\\Component\\Console\\Output\\ConsoleOutput))
#41 /var/www/vendor/laravel/framework/src/Illuminate/Foundation/Console/Kernel.php(198): Symfony\\Component\\Console\\Application->run(Object(Symfony\\Component\\Console\\Input\\ArgvInput), Object(Symfony\\Component\\Console\\Output\\ConsoleOutput))
#42 /var/www/vendor/laravel/framework/src/Illuminate/Foundation/Application.php(1235): Illuminate\\Foundation\\Console\\Kernel->handle(Object(Symfony\\Component\\Console\\Input\\ArgvInput), Object(Symfony\\Component\\Console\\Output\\ConsoleOutput))
#43 /var/www/artisan(12): Illuminate\\Foundation\\Application->handleCommand(Object(Symfony\\Component\\Console\\Input\\ArgvInput))
#44 {main}
"} 
[2026-04-25 03:01:17] local.ERROR: Route [verification.verify] not defined. {"exception":"[object] (Symfony\\Component\\Routing\\Exception\\RouteNotFoundException(code: 0): Route [verification.verify] not defined. at /var/www/vendor/laravel/framework/src/Illuminate/Routing/UrlGenerator.php:517)
[stacktrace]
#0 /var/www/vendor/laravel/framework/src/Illuminate/Routing/UrlGenerator.php(376): Illuminate\\Routing\\UrlGenerator->route('verification.ve...', Array, true)
#1 /var/www/vendor/laravel/framework/src/Illuminate/Routing/UrlGenerator.php(414): Illuminate\\Routing\\UrlGenerator->signedRoute('verification.ve...', Array, Object(Illuminate\\Support\\Carbon), true)
#2 /var/www/vendor/laravel/framework/src/Illuminate/Support/Facades/Facade.php(361): Illuminate\\Routing\\UrlGenerator->temporarySignedRoute('verification.ve...', Object(Illuminate\\Support\\Carbon), Array)
#3 /var/www/app/Mail/WelcomeEmail.php(36): Illuminate\\Support\\Facades\\Facade::__callStatic('temporarySigned...', Array)
#4 /var/www/vendor/laravel/framework/src/Illuminate/Mail/Mailable.php(1732): App\\Mail\\WelcomeEmail->content()
#5 /var/www/vendor/laravel/framework/src/Illuminate/Mail/Mailable.php(1649): Illuminate\\Mail\\Mailable->ensureContentIsHydrated()
#6 /var/www/vendor/laravel/framework/src/Illuminate/Mail/Mailable.php(201): Illuminate\\Mail\\Mailable->prepareMailableForDelivery()
#7 /var/www/vendor/laravel/framework/src/Illuminate/Support/Traits/Localizable.php(19): Illuminate\\Mail\\Mailable->Illuminate\\Mail\\{closure}()
#8 /var/www/vendor/laravel/framework/src/Illuminate/Mail/Mailable.php(200): Illuminate\\Mail\\Mailable->withLocale(NULL, Object(Closure))
#9 /var/www/vendor/laravel/framework/src/Illuminate/Mail/SendQueuedMailable.php(83): Illuminate\\Mail\\Mailable->send(Object(Illuminate\\Mail\\MailManager))
#10 /var/www/vendor/laravel/framework/src/Illuminate/Container/BoundMethod.php(36): Illuminate\\Mail\\SendQueuedMailable->handle(Object(Illuminate\\Mail\\MailManager))
#11 /var/www/vendor/laravel/framework/src/Illuminate/Container/Util.php(43): Illuminate\\Container\\BoundMethod::Illuminate\\Container\\{closure}()
#12 /var/www/vendor/laravel/framework/src/Illuminate/Container/BoundMethod.php(95): Illuminate\\Container\\Util::unwrapIfClosure(Object(Closure))
#13 /var/www/vendor/laravel/framework/src/Illuminate/Container/BoundMethod.php(35): Illuminate\\Container\\BoundMethod::callBoundMethod(Object(Illuminate\\Foundation\\Application), Array, Object(Closure))
#14 /var/www/vendor/laravel/framework/src/Illuminate/Container/Container.php(696): Illuminate\\Container\\BoundMethod::call(Object(Illuminate\\Foundation\\Application), Array, Array, NULL)
#15 /var/www/vendor/laravel/framework/src/Illuminate/Bus/Dispatcher.php(126): Illuminate\\Container\\Container->call(Array)
#16 /var/www/vendor/laravel/framework/src/Illuminate/Pipeline/Pipeline.php(170): Illuminate\\Bus\\Dispatcher->Illuminate\\Bus\\{closure}(Object(Illuminate\\Mail\\SendQueuedMailable))
#17 /var/www/vendor/laravel/framework/src/Illuminate/Pipeline/Pipeline.php(127): Illuminate\\Pipeline\\Pipeline->Illuminate\\Pipeline\\{closure}(Object(Illuminate\\Mail\\SendQueuedMailable))
#18 /var/www/vendor/laravel/framework/src/Illuminate/Bus/Dispatcher.php(130): Illuminate\\Pipeline\\Pipeline->then(Object(Closure))
#19 /var/www/vendor/laravel/framework/src/Illuminate/Queue/CallQueuedHandler.php(126): Illuminate\\Bus\\Dispatcher->dispatchNow(Object(Illuminate\\Mail\\SendQueuedMailable), false)
#20 /var/www/vendor/laravel/framework/src/Illuminate/Pipeline/Pipeline.php(170): Illuminate\\Queue\\CallQueuedHandler->Illuminate\\Queue\\{closure}(Object(Illuminate\\Mail\\SendQueuedMailable))
#21 /var/www/vendor/laravel/framework/src/Illuminate/Pipeline/Pipeline.php(127): Illuminate\\Pipeline\\Pipeline->Illuminate\\Pipeline\\{closure}(Object(Illuminate\\Mail\\SendQueuedMailable))
#22 /var/www/vendor/laravel/framework/src/Illuminate/Queue/CallQueuedHandler.php(121): Illuminate\\Pipeline\\Pipeline->then(Object(Closure))
#23 /var/www/vendor/laravel/framework/src/Illuminate/Queue/CallQueuedHandler.php(69): Illuminate\\Queue\\CallQueuedHandler->dispatchThroughMiddleware(Object(Illuminate\\Queue\\Jobs\\RedisJob), Object(Illuminate\\Mail\\SendQueuedMailable))
#24 /var/www/vendor/laravel/framework/src/Illuminate/Queue/Jobs/Job.php(102): Illuminate\\Queue\\CallQueuedHandler->call(Object(Illuminate\\Queue\\Jobs\\RedisJob), Array)
#25 /var/www/vendor/laravel/framework/src/Illuminate/Queue/Worker.php(442): Illuminate\\Queue\\Jobs\\Job->fire()
#26 /var/www/vendor/laravel/framework/src/Illuminate/Queue/Worker.php(392): Illuminate\\Queue\\Worker->process('redis', Object(Illuminate\\Queue\\Jobs\\RedisJob), Object(Illuminate\\Queue\\WorkerOptions))
#27 /var/www/vendor/laravel/framework/src/Illuminate/Queue/Worker.php(178): Illuminate\\Queue\\Worker->runJob(Object(Illuminate\\Queue\\Jobs\\RedisJob), 'redis', Object(Illuminate\\Queue\\WorkerOptions))
#28 /var/www/vendor/laravel/framework/src/Illuminate/Queue/Console/WorkCommand.php(149): Illuminate\\Queue\\Worker->daemon('redis', 'default', Object(Illuminate\\Queue\\WorkerOptions))
#29 /var/www/vendor/laravel/framework/src/Illuminate/Queue/Console/WorkCommand.php(132): Illuminate\\Queue\\Console\\WorkCommand->runWorker('redis', 'default')
#30 /var/www/vendor/laravel/framework/src/Illuminate/Container/BoundMethod.php(36): Illuminate\\Queue\\Console\\WorkCommand->handle()
#31 /var/www/vendor/laravel/framework/src/Illuminate/Container/Util.php(43): Illuminate\\Container\\BoundMethod::Illuminate\\Container\\{closure}()
#32 /var/www/vendor/laravel/framework/src/Illuminate/Container/BoundMethod.php(95): Illuminate\\Container\\Util::unwrapIfClosure(Object(Closure))
#33 /var/www/vendor/laravel/framework/src/Illuminate/Container/BoundMethod.php(35): Illuminate\\Container\\BoundMethod::callBoundMethod(Object(Illuminate\\Foundation\\Application), Array, Object(Closure))
#34 /var/www/vendor/laravel/framework/src/Illuminate/Container/Container.php(696): Illuminate\\Container\\BoundMethod::call(Object(Illuminate\\Foundation\\Application), Array, Array, NULL)
#35 /var/www/vendor/laravel/framework/src/Illuminate/Console/Command.php(213): Illuminate\\Container\\Container->call(Array)
#36 /var/www/vendor/symfony/console/Command/Command.php(341): Illuminate\\Console\\Command->execute(Object(Symfony\\Component\\Console\\Input\\ArgvInput), Object(Illuminate\\Console\\OutputStyle))
#37 /var/www/vendor/laravel/framework/src/Illuminate/Console/Command.php(182): Symfony\\Component\\Console\\Command\\Command->run(Object(Symfony\\Component\\Console\\Input\\ArgvInput), Object(Illuminate\\Console\\OutputStyle))
#38 /var/www/vendor/symfony/console/Application.php(1117): Illuminate\\Console\\Command->run(Object(Symfony\\Component\\Console\\Input\\ArgvInput), Object(Symfony\\Component\\Console\\Output\\ConsoleOutput))
#39 /var/www/vendor/symfony/console/Application.php(356): Symfony\\Component\\Console\\Application->doRunCommand(Object(Illuminate\\Queue\\Console\\WorkCommand), Object(Symfony\\Component\\Console\\Input\\ArgvInput), Object(Symfony\\Component\\Console\\Output\\ConsoleOutput))
#40 /var/www/vendor/symfony/console/Application.php(195): Symfony\\Component\\Console\\Application->doRun(Object(Symfony\\Component\\Console\\Input\\ArgvInput), Object(Symfony\\Component\\Console\\Output\\ConsoleOutput))
#41 /var/www/vendor/laravel/framework/src/Illuminate/Foundation/Console/Kernel.php(198): Symfony\\Component\\Console\\Application->run(Object(Symfony\\Component\\Console\\Input\\ArgvInput), Object(Symfony\\Component\\Console\\Output\\ConsoleOutput))
#42 /var/www/vendor/laravel/framework/src/Illuminate/Foundation/Application.php(1235): Illuminate\\Foundation\\Console\\Kernel->handle(Object(Symfony\\Component\\Console\\Input\\ArgvInput), Object(Symfony\\Component\\Console\\Output\\ConsoleOutput))
#43 /var/www/artisan(12): Illuminate\\Foundation\\Application->handleCommand(Object(Symfony\\Component\\Console\\Input\\ArgvInput))
#44 {main}
"} 
[2026-04-25 03:01:17] local.ERROR: SQLSTATE[42P01]: Undefined table: 7 ERROR:  relation "failed_jobs" does not exist
LINE 1: insert into "failed_jobs" ("uuid", "connection", "queue", "p...
                    ^ (Connection: pgsql, SQL: insert into "failed_jobs" ("uuid", "connection", "queue", "payload", "exception", "failed_at") values (a3d6ff26-5f79-4f2d-8906-621a6316d7a9, redis, default, {"uuid":"a3d6ff26-5f79-4f2d-8906-621a6316d7a9","timeout":null,"id":"KC8pll4WU5dW7xgsfDeTCNQUMkXCfAIC","backoff":null,"displayName":"App\\Mail\\WelcomeEmail","maxTries":null,"failOnTimeout":false,"maxExceptions":null,"retryUntil":null,"job":"Illuminate\\Queue\\CallQueuedHandler@call","data":{"command":"O:34:\"Illuminate\\Mail\\SendQueuedMailable\":15:{s:8:\"mailable\";O:21:\"App\\Mail\\WelcomeEmail\":3:{s:4:\"user\";O:45:\"Illuminate\\Contracts\\Database\\ModelIdentifier\":5:{s:5:\"class\";s:15:\"App\\Models\\User\";s:2:\"id\";i:3;s:9:\"relations\";a:0:{}s:10:\"connection\";s:5:\"pgsql\";s:15:\"collectionClass\";N;}s:2:\"to\";a:1:{i:0;a:2:{s:4:\"name\";N;s:7:\"address\";s:20:\"tester@satpeek.local\";}}s:6:\"mailer\";s:4:\"smtp\";}s:5:\"tries\";N;s:7:\"timeout\";N;s:13:\"maxExceptions\";N;s:17:\"shouldBeEncrypted\";b:0;s:10:\"connection\";N;s:5:\"queue\";N;s:5:\"delay\";N;s:11:\"afterCommit\";N;s:10:\"middleware\";a:0:{}s:7:\"chained\";a:0:{}s:15:\"chainConnection\";N;s:10:\"chainQueue\";N;s:19:\"chainCatchCallbacks\";N;s:3:\"job\";N;}","commandName":"Illuminate\\Mail\\SendQueuedMailable"},"attempts":2}, Symfony\Component\Routing\Exception\RouteNotFoundException: Route [verification.verify] not defined. in /var/www/vendor/laravel/framework/src/Illuminate/Routing/UrlGenerator.php:517
Stack trace:
#0 /var/www/vendor/laravel/framework/src/Illuminate/Routing/UrlGenerator.php(376): Illuminate\Routing\UrlGenerator->route('verification.ve...', Array, true)
#1 /var/www/vendor/laravel/framework/src/Illuminate/Routing/UrlGenerator.php(414): Illuminate\Routing\UrlGenerator->signedRoute('verification.ve...', Array, Object(Illuminate\Support\Carbon), true)
#2 /var/www/vendor/laravel/framework/src/Illuminate/Support/Facades/Facade.php(361): Illuminate\Routing\UrlGenerator->temporarySignedRoute('verification.ve...', Object(Illuminate\Support\Carbon), Array)
#3 /var/www/app/Mail/WelcomeEmail.php(36): Illuminate\Support\Facades\Facade::__callStatic('temporarySigned...', Array)
#4 /var/www/vendor/laravel/framework/src/Illuminate/Mail/Mailable.php(1732): App\Mail\WelcomeEmail->content()
#5 /var/www/vendor/laravel/framework/src/Illuminate/Mail/Mailable.php(1649): Illuminate\Mail\Mailable->ensureContentIsHydrated()
#6 /var/www/vendor/laravel/framework/src/Illuminate/Mail/Mailable.php(201): Illuminate\Mail\Mailable->prepareMailableForDelivery()
#7 /var/www/vendor/laravel/framework/src/Illuminate/Support/Traits/Localizable.php(19): Illuminate\Mail\Mailable->Illuminate\Mail\{closure}()
#8 /var/www/vendor/laravel/framework/src/Illuminate/Mail/Mailable.php(200): Illuminate\Mail\Mailable->withLocale(NULL, Object(Closure))
#9 /var/www/vendor/laravel/framework/src/Illuminate/Mail/SendQueuedMailable.php(83): Illuminate\Mail\Mailable->send(Object(Illuminate\Mail\MailManager))
#10 /var/www/vendor/laravel/framework/src/Illuminate/Container/BoundMethod.php(36): Illuminate\Mail\SendQueuedMailable->handle(Object(Illuminate\Mail\MailManager))
#11 /var/www/vendor/laravel/framework/src/Illuminate/Container/Util.php(43): Illuminate\Container\BoundMethod::Illuminate\Container\{closure}()
#12 /var/www/vendor/laravel/framework/src/Illuminate/Container/BoundMethod.php(95): Illuminate\Container\Util::unwrapIfClosure(Object(Closure))
#13 /var/www/vendor/laravel/framework/src/Illuminate/Container/BoundMethod.php(35): Illuminate\Container\BoundMethod::callBoundMethod(Object(Illuminate\Foundation\Application), Array, Object(Closure))
#14 /var/www/vendor/laravel/framework/src/Illuminate/Container/Container.php(696): Illuminate\Container\BoundMethod::call(Object(Illuminate\Foundation\Application), Array, Array, NULL)
#15 /var/www/vendor/laravel/framework/src/Illuminate/Bus/Dispatcher.php(126): Illuminate\Container\Container->call(Array)
#16 /var/www/vendor/laravel/framework/src/Illuminate/Pipeline/Pipeline.php(170): Illuminate\Bus\Dispatcher->Illuminate\Bus\{closure}(Object(Illuminate\Mail\SendQueuedMailable))
#17 /var/www/vendor/laravel/framework/src/Illuminate/Pipeline/Pipeline.php(127): Illuminate\Pipeline\Pipeline->Illuminate\Pipeline\{closure}(Object(Illuminate\Mail\SendQueuedMailable))
#18 /var/www/vendor/laravel/framework/src/Illuminate/Bus/Dispatcher.php(130): Illuminate\Pipeline\Pipeline->then(Object(Closure))
#19 /var/www/vendor/laravel/framework/src/Illuminate/Queue/CallQueuedHandler.php(126): Illuminate\Bus\Dispatcher->dispatchNow(Object(Illuminate\Mail\SendQueuedMailable), false)
#20 /var/www/vendor/laravel/framework/src/Illuminate/Pipeline/Pipeline.php(170): Illuminate\Queue\CallQueuedHandler->Illuminate\Queue\{closure}(Object(Illuminate\Mail\SendQueuedMailable))
#21 /var/www/vendor/laravel/framework/src/Illuminate/Pipeline/Pipeline.php(127): Illuminate\Pipeline\Pipeline->Illuminate\Pipeline\{closure}(Object(Illuminate\Mail\SendQueuedMailable))
#22 /var/www/vendor/laravel/framework/src/Illuminate/Queue/CallQueuedHandler.php(121): Illuminate\Pipeline\Pipeline->then(Object(Closure))
#23 /var/www/vendor/laravel/framework/src/Illuminate/Queue/CallQueuedHandler.php(69): Illuminate\Queue\CallQueuedHandler->dispatchThroughMiddleware(Object(Illuminate\Queue\Jobs\RedisJob), Object(Illuminate\Mail\SendQueuedMailable))
#24 /var/www/vendor/laravel/framework/src/Illuminate/Queue/Jobs/Job.php(102): Illuminate\Queue\CallQueuedHandler->call(Object(Illuminate\Queue\Jobs\RedisJob), Array)
#25 /var/www/vendor/laravel/framework/src/Illuminate/Queue/Worker.php(442): Illuminate\Queue\Jobs\Job->fire()
#26 /var/www/vendor/laravel/framework/src/Illuminate/Queue/Worker.php(392): Illuminate\Queue\Worker->process('redis', Object(Illuminate\Queue\Jobs\RedisJob), Object(Illuminate\Queue\WorkerOptions))
#27 /var/www/vendor/laravel/framework/src/Illuminate/Queue/Worker.php(178): Illuminate\Queue\Worker->runJob(Object(Illuminate\Queue\Jobs\RedisJob), 'redis', Object(Illuminate\Queue\WorkerOptions))
#28 /var/www/vendor/laravel/framework/src/Illuminate/Queue/Console/WorkCommand.php(149): Illuminate\Queue\Worker->daemon('redis', 'default', Object(Illuminate\Queue\WorkerOptions))
#29 /var/www/vendor/laravel/framework/src/Illuminate/Queue/Console/WorkCommand.php(132): Illuminate\Queue\Console\WorkCommand->runWorker('redis', 'default')
#30 /var/www/vendor/laravel/framework/src/Illuminate/Container/BoundMethod.php(36): Illuminate\Queue\Console\WorkCommand->handle()
#31 /var/www/vendor/laravel/framework/src/Illuminate/Container/Util.php(43): Illuminate\Container\BoundMethod::Illuminate\Container\{closure}()
#32 /var/www/vendor/laravel/framework/src/Illuminate/Container/BoundMethod.php(95): Illuminate\Container\Util::unwrapIfClosure(Object(Closure))
#33 /var/www/vendor/laravel/framework/src/Illuminate/Container/BoundMethod.php(35): Illuminate\Container\BoundMethod::callBoundMethod(Object(Illuminate\Foundation\Application), Array, Object(Closure))
#34 /var/www/vendor/laravel/framework/src/Illuminate/Container/Container.php(696): Illuminate\Container\BoundMethod::call(Object(Illuminate\Foundation\Application), Array, Array, NULL)
#35 /var/www/vendor/laravel/framework/src/Illuminate/Console/Command.php(213): Illuminate\Container\Container->call(Array)
#36 /var/www/vendor/symfony/console/Command/Command.php(341): Illuminate\Console\Command->execute(Object(Symfony\Component\Console\Input\ArgvInput), Object(Illuminate\Console\OutputStyle))
#37 /var/www/vendor/laravel/framework/src/Illuminate/Console/Command.php(182): Symfony\Component\Console\Command\Command->run(Object(Symfony\Component\Console\Input\ArgvInput), Object(Illuminate\Console\OutputStyle))
#38 /var/www/vendor/symfony/console/Application.php(1117): Illuminate\Console\Command->run(Object(Symfony\Component\Console\Input\ArgvInput), Object(Symfony\Component\Console\Output\ConsoleOutput))
#39 /var/www/vendor/symfony/console/Application.php(356): Symfony\Component\Console\Application->doRunCommand(Object(Illuminate\Queue\Console\WorkCommand), Object(Symfony\Component\Console\Input\ArgvInput), Object(Symfony\Component\Console\Output\ConsoleOutput))
#40 /var/www/vendor/symfony/console/Application.php(195): Symfony\Component\Console\Application->doRun(Object(Symfony\Component\Console\Input\ArgvInput), Object(Symfony\Component\Console\Output\ConsoleOutput))
#41 /var/www/vendor/laravel/framework/src/Illuminate/Foundation/Console/Kernel.php(198): Symfony\Component\Console\Application->run(Object(Symfony\Component\Console\Input\ArgvInput), Object(Symfony\Component\Console\Output\ConsoleOutput))
#42 /var/www/vendor/laravel/framework/src/Illuminate/Foundation/Application.php(1235): Illuminate\Foundation\Console\Kernel->handle(Object(Symfony\Component\Console\Input\ArgvInput), Object(Symfony\Component\Console\Output\ConsoleOutput))
#43 /var/www/artisan(12): Illuminate\Foundation\Application->handleCommand(Object(Symfony\Component\Console\Input\ArgvInput))
#44 {main}, 2026-04-25 03:01:17)) {"exception":"[object] (Illuminate\\Database\\QueryException(code: 42P01): SQLSTATE[42P01]: Undefined table: 7 ERROR:  relation \"failed_jobs\" does not exist
LINE 1: insert into \"failed_jobs\" (\"uuid\", \"connection\", \"queue\", \"p...
                    ^ (Connection: pgsql, SQL: insert into \"failed_jobs\" (\"uuid\", \"connection\", \"queue\", \"payload\", \"exception\", \"failed_at\") values (a3d6ff26-5f79-4f2d-8906-621a6316d7a9, redis, default, {\"uuid\":\"a3d6ff26-5f79-4f2d-8906-621a6316d7a9\",\"timeout\":null,\"id\":\"KC8pll4WU5dW7xgsfDeTCNQUMkXCfAIC\",\"backoff\":null,\"displayName\":\"App\\\\Mail\\\\WelcomeEmail\",\"maxTries\":null,\"failOnTimeout\":false,\"maxExceptions\":null,\"retryUntil\":null,\"job\":\"Illuminate\\\\Queue\\\\CallQueuedHandler@call\",\"data\":{\"command\":\"O:34:\\\"Illuminate\\\\Mail\\\\SendQueuedMailable\\\":15:{s:8:\\\"mailable\\\";O:21:\\\"App\\\\Mail\\\\WelcomeEmail\\\":3:{s:4:\\\"user\\\";O:45:\\\"Illuminate\\\\Contracts\\\\Database\\\\ModelIdentifier\\\":5:{s:5:\\\"class\\\";s:15:\\\"App\\\\Models\\\\User\\\";s:2:\\\"id\\\";i:3;s:9:\\\"relations\\\";a:0:{}s:10:\\\"connection\\\";s:5:\\\"pgsql\\\";s:15:\\\"collectionClass\\\";N;}s:2:\\\"to\\\";a:1:{i:0;a:2:{s:4:\\\"name\\\";N;s:7:\\\"address\\\";s:20:\\\"tester@satpeek.local\\\";}}s:6:\\\"mailer\\\";s:4:\\\"smtp\\\";}s:5:\\\"tries\\\";N;s:7:\\\"timeout\\\";N;s:13:\\\"maxExceptions\\\";N;s:17:\\\"shouldBeEncrypted\\\";b:0;s:10:\\\"connection\\\";N;s:5:\\\"queue\\\";N;s:5:\\\"delay\\\";N;s:11:\\\"afterCommit\\\";N;s:10:\\\"middleware\\\";a:0:{}s:7:\\\"chained\\\";a:0:{}s:15:\\\"chainConnection\\\";N;s:10:\\\"chainQueue\\\";N;s:19:\\\"chainCatchCallbacks\\\";N;s:3:\\\"job\\\";N;}\",\"commandName\":\"Illuminate\\\\Mail\\\\SendQueuedMailable\"},\"attempts\":2}, Symfony\\Component\\Routing\\Exception\\RouteNotFoundException: Route [verification.verify] not defined. in /var/www/vendor/laravel/framework/src/Illuminate/Routing/UrlGenerator.php:517
Stack trace:
#0 /var/www/vendor/laravel/framework/src/Illuminate/Routing/UrlGenerator.php(376): Illuminate\\Routing\\UrlGenerator->route('verification.ve...', Array, true)
#1 /var/www/vendor/laravel/framework/src/Illuminate/Routing/UrlGenerator.php(414): Illuminate\\Routing\\UrlGenerator->signedRoute('verification.ve...', Array, Object(Illuminate\\Support\\Carbon), true)
#2 /var/www/vendor/laravel/framework/src/Illuminate/Support/Facades/Facade.php(361): Illuminate\\Routing\\UrlGenerator->temporarySignedRoute('verification.ve...', Object(Illuminate\\Support\\Carbon), Array)
#3 /var/www/app/Mail/WelcomeEmail.php(36): Illuminate\\Support\\Facades\\Facade::__callStatic('temporarySigned...', Array)
#4 /var/www/vendor/laravel/framework/src/Illuminate/Mail/Mailable.php(1732): App\\Mail\\WelcomeEmail->content()
#5 /var/www/vendor/laravel/framework/src/Illuminate/Mail/Mailable.php(1649): Illuminate\\Mail\\Mailable->ensureContentIsHydrated()
#6 /var/www/vendor/laravel/framework/src/Illuminate/Mail/Mailable.php(201): Illuminate\\Mail\\Mailable->prepareMailableForDelivery()
#7 /var/www/vendor/laravel/framework/src/Illuminate/Support/Traits/Localizable.php(19): Illuminate\\Mail\\Mailable->Illuminate\\Mail\\{closure}()
#8 /var/www/vendor/laravel/framework/src/Illuminate/Mail/Mailable.php(200): Illuminate\\Mail\\Mailable->withLocale(NULL, Object(Closure))
#9 /var/www/vendor/laravel/framework/src/Illuminate/Mail/SendQueuedMailable.php(83): Illuminate\\Mail\\Mailable->send(Object(Illuminate\\Mail\\MailManager))
#10 /var/www/vendor/laravel/framework/src/Illuminate/Container/BoundMethod.php(36): Illuminate\\Mail\\SendQueuedMailable->handle(Object(Illuminate\\Mail\\MailManager))
#11 /var/www/vendor/laravel/framework/src/Illuminate/Container/Util.php(43): Illuminate\\Container\\BoundMethod::Illuminate\\Container\\{closure}()
#12 /var/www/vendor/laravel/framework/src/Illuminate/Container/BoundMethod.php(95): Illuminate\\Container\\Util::unwrapIfClosure(Object(Closure))
#13 /var/www/vendor/laravel/framework/src/Illuminate/Container/BoundMethod.php(35): Illuminate\\Container\\BoundMethod::callBoundMethod(Object(Illuminate\\Foundation\\Application), Array, Object(Closure))
#14 /var/www/vendor/laravel/framework/src/Illuminate/Container/Container.php(696): Illuminate\\Container\\BoundMethod::call(Object(Illuminate\\Foundation\\Application), Array, Array, NULL)
#15 /var/www/vendor/laravel/framework/src/Illuminate/Bus/Dispatcher.php(126): Illuminate\\Container\\Container->call(Array)
#16 /var/www/vendor/laravel/framework/src/Illuminate/Pipeline/Pipeline.php(170): Illuminate\\Bus\\Dispatcher->Illuminate\\Bus\\{closure}(Object(Illuminate\\Mail\\SendQueuedMailable))
#17 /var/www/vendor/laravel/framework/src/Illuminate/Pipeline/Pipeline.php(127): Illuminate\\Pipeline\\Pipeline->Illuminate\\Pipeline\\{closure}(Object(Illuminate\\Mail\\SendQueuedMailable))
#18 /var/www/vendor/laravel/framework/src/Illuminate/Bus/Dispatcher.php(130): Illuminate\\Pipeline\\Pipeline->then(Object(Closure))
#19 /var/www/vendor/laravel/framework/src/Illuminate/Queue/CallQueuedHandler.php(126): Illuminate\\Bus\\Dispatcher->dispatchNow(Object(Illuminate\\Mail\\SendQueuedMailable), false)
#20 /var/www/vendor/laravel/framework/src/Illuminate/Pipeline/Pipeline.php(170): Illuminate\\Queue\\CallQueuedHandler->Illuminate\\Queue\\{closure}(Object(Illuminate\\Mail\\SendQueuedMailable))
#21 /var/www/vendor/laravel/framework/src/Illuminate/Pipeline/Pipeline.php(127): Illuminate\\Pipeline\\Pipeline->Illuminate\\Pipeline\\{closure}(Object(Illuminate\\Mail\\SendQueuedMailable))
#22 /var/www/vendor/laravel/framework/src/Illuminate/Queue/CallQueuedHandler.php(121): Illuminate\\Pipeline\\Pipeline->then(Object(Closure))
#23 /var/www/vendor/laravel/framework/src/Illuminate/Queue/CallQueuedHandler.php(69): Illuminate\\Queue\\CallQueuedHandler->dispatchThroughMiddleware(Object(Illuminate\\Queue\\Jobs\\RedisJob), Object(Illuminate\\Mail\\SendQueuedMailable))
#24 /var/www/vendor/laravel/framework/src/Illuminate/Queue/Jobs/Job.php(102): Illuminate\\Queue\\CallQueuedHandler->call(Object(Illuminate\\Queue\\Jobs\\RedisJob), Array)
#25 /var/www/vendor/laravel/framework/src/Illuminate/Queue/Worker.php(442): Illuminate\\Queue\\Jobs\\Job->fire()
#26 /var/www/vendor/laravel/framework/src/Illuminate/Queue/Worker.php(392): Illuminate\\Queue\\Worker->process('redis', Object(Illuminate\\Queue\\Jobs\\RedisJob), Object(Illuminate\\Queue\\WorkerOptions))
#27 /var/www/vendor/laravel/framework/src/Illuminate/Queue/Worker.php(178): Illuminate\\Queue\\Worker->runJob(Object(Illuminate\\Queue\\Jobs\\RedisJob), 'redis', Object(Illuminate\\Queue\\WorkerOptions))
#28 /var/www/vendor/laravel/framework/src/Illuminate/Queue/Console/WorkCommand.php(149): Illuminate\\Queue\\Worker->daemon('redis', 'default', Object(Illuminate\\Queue\\WorkerOptions))
#29 /var/www/vendor/laravel/framework/src/Illuminate/Queue/Console/WorkCommand.php(132): Illuminate\\Queue\\Console\\WorkCommand->runWorker('redis', 'default')
#30 /var/www/vendor/laravel/framework/src/Illuminate/Container/BoundMethod.php(36): Illuminate\\Queue\\Console\\WorkCommand->handle()
#31 /var/www/vendor/laravel/framework/src/Illuminate/Container/Util.php(43): Illuminate\\Container\\BoundMethod::Illuminate\\Container\\{closure}()
#32 /var/www/vendor/laravel/framework/src/Illuminate/Container/BoundMethod.php(95): Illuminate\\Container\\Util::unwrapIfClosure(Object(Closure))
#33 /var/www/vendor/laravel/framework/src/Illuminate/Container/BoundMethod.php(35): Illuminate\\Container\\BoundMethod::callBoundMethod(Object(Illuminate\\Foundation\\Application), Array, Object(Closure))
#34 /var/www/vendor/laravel/framework/src/Illuminate/Container/Container.php(696): Illuminate\\Container\\BoundMethod::call(Object(Illuminate\\Foundation\\Application), Array, Array, NULL)
#35 /var/www/vendor/laravel/framework/src/Illuminate/Console/Command.php(213): Illuminate\\Container\\Container->call(Array)
#36 /var/www/vendor/symfony/console/Command/Command.php(341): Illuminate\\Console\\Command->execute(Object(Symfony\\Component\\Console\\Input\\ArgvInput), Object(Illuminate\\Console\\OutputStyle))
#37 /var/www/vendor/laravel/framework/src/Illuminate/Console/Command.php(182): Symfony\\Component\\Console\\Command\\Command->run(Object(Symfony\\Component\\Console\\Input\\ArgvInput), Object(Illuminate\\Console\\OutputStyle))
#38 /var/www/vendor/symfony/console/Application.php(1117): Illuminate\\Console\\Command->run(Object(Symfony\\Component\\Console\\Input\\ArgvInput), Object(Symfony\\Component\\Console\\Output\\ConsoleOutput))
#39 /var/www/vendor/symfony/console/Application.php(356): Symfony\\Component\\Console\\Application->doRunCommand(Object(Illuminate\\Queue\\Console\\WorkCommand), Object(Symfony\\Component\\Console\\Input\\ArgvInput), Object(Symfony\\Component\\Console\\Output\\ConsoleOutput))
#40 /var/www/vendor/symfony/console/Application.php(195): Symfony\\Component\\Console\\Application->doRun(Object(Symfony\\Component\\Console\\Input\\ArgvInput), Object(Symfony\\Component\\Console\\Output\\ConsoleOutput))
#41 /var/www/vendor/laravel/framework/src/Illuminate/Foundation/Console/Kernel.php(198): Symfony\\Component\\Console\\Application->run(Object(Symfony\\Component\\Console\\Input\\ArgvInput), Object(Symfony\\Component\\Console\\Output\\ConsoleOutput))
#42 /var/www/vendor/laravel/framework/src/Illuminate/Foundation/Application.php(1235): Illuminate\\Foundation\\Console\\Kernel->handle(Object(Symfony\\Component\\Console\\Input\\ArgvInput), Object(Symfony\\Component\\Console\\Output\\ConsoleOutput))
#43 /var/www/artisan(12): Illuminate\\Foundation\\Application->handleCommand(Object(Symfony\\Component\\Console\\Input\\ArgvInput))
#44 {main}, 2026-04-25 03:01:17)) at /var/www/vendor/laravel/framework/src/Illuminate/Database/Connection.php:825)
[stacktrace]
#0 /var/www/vendor/laravel/framework/src/Illuminate/Database/Connection.php(779): Illuminate\\Database\\Connection->runQueryCallback('insert into \"fa...', Array, Object(Closure))
#1 /var/www/vendor/laravel/framework/src/Illuminate/Database/Connection.php(560): Illuminate\\Database\\Connection->run('insert into \"fa...', Array, Object(Closure))
#2 /var/www/vendor/laravel/framework/src/Illuminate/Database/Connection.php(524): Illuminate\\Database\\Connection->statement('insert into \"fa...', Array)
#3 /var/www/vendor/laravel/framework/src/Illuminate/Database/Query/Builder.php(3717): Illuminate\\Database\\Connection->insert('insert into \"fa...', Array)
#4 /var/www/vendor/laravel/framework/src/Illuminate/Queue/Failed/DatabaseUuidFailedJobProvider.php(58): Illuminate\\Database\\Query\\Builder->insert(Array)
#5 /var/www/vendor/laravel/framework/src/Illuminate/Queue/Console/WorkCommand.php(333): Illuminate\\Queue\\Failed\\DatabaseUuidFailedJobProvider->log('redis', 'default', '{\"uuid\":\"a3d6ff...', Object(Symfony\\Component\\Routing\\Exception\\RouteNotFoundException))
#6 /var/www/vendor/laravel/framework/src/Illuminate/Queue/Console/WorkCommand.php(202): Illuminate\\Queue\\Console\\WorkCommand->logFailedJob(Object(Illuminate\\Queue\\Events\\JobFailed))
#7 /var/www/vendor/laravel/framework/src/Illuminate/Events/Dispatcher.php(459): Illuminate\\Queue\\Console\\WorkCommand->Illuminate\\Queue\\Console\\{closure}(Object(Illuminate\\Queue\\Events\\JobFailed))
#8 /var/www/vendor/laravel/framework/src/Illuminate/Events/Dispatcher.php(287): Illuminate\\Events\\Dispatcher->Illuminate\\Events\\{closure}('Illuminate\\\\Queu...', Array)
#9 /var/www/vendor/laravel/framework/src/Illuminate/Events/Dispatcher.php(267): Illuminate\\Events\\Dispatcher->invokeListeners('Illuminate\\\\Queu...', Array, false)
#10 /var/www/vendor/laravel/framework/src/Illuminate/Queue/Jobs/Job.php(221): Illuminate\\Events\\Dispatcher->dispatch('Illuminate\\\\Queu...')
#11 /var/www/vendor/laravel/framework/src/Illuminate/Queue/Worker.php(605): Illuminate\\Queue\\Jobs\\Job->fail(Object(Symfony\\Component\\Routing\\Exception\\RouteNotFoundException))
#12 /var/www/vendor/laravel/framework/src/Illuminate/Queue/Worker.php(551): Illuminate\\Queue\\Worker->failJob(Object(Illuminate\\Queue\\Jobs\\RedisJob), Object(Symfony\\Component\\Routing\\Exception\\RouteNotFoundException))
#13 /var/www/vendor/laravel/framework/src/Illuminate/Queue/Worker.php(474): Illuminate\\Queue\\Worker->markJobAsFailedIfWillExceedMaxAttempts('redis', Object(Illuminate\\Queue\\Jobs\\RedisJob), 3, Object(Symfony\\Component\\Routing\\Exception\\RouteNotFoundException))
#14 /var/www/vendor/laravel/framework/src/Illuminate/Queue/Worker.php(448): Illuminate\\Queue\\Worker->handleJobException('redis', Object(Illuminate\\Queue\\Jobs\\RedisJob), Object(Illuminate\\Queue\\WorkerOptions), Object(Symfony\\Component\\Routing\\Exception\\RouteNotFoundException))
#15 /var/www/vendor/laravel/framework/src/Illuminate/Queue/Worker.php(392): Illuminate\\Queue\\Worker->process('redis', Object(Illuminate\\Queue\\Jobs\\RedisJob), Object(Illuminate\\Queue\\WorkerOptions))
#16 /var/www/vendor/laravel/framework/src/Illuminate/Queue/Worker.php(178): Illuminate\\Queue\\Worker->runJob(Object(Illuminate\\Queue\\Jobs\\RedisJob), 'redis', Object(Illuminate\\Queue\\WorkerOptions))
#17 /var/www/vendor/laravel/framework/src/Illuminate/Queue/Console/WorkCommand.php(149): Illuminate\\Queue\\Worker->daemon('redis', 'default', Object(Illuminate\\Queue\\WorkerOptions))
#18 /var/www/vendor/laravel/framework/src/Illuminate/Queue/Console/WorkCommand.php(132): Illuminate\\Queue\\Console\\WorkCommand->runWorker('redis', 'default')
#19 /var/www/vendor/laravel/framework/src/Illuminate/Container/BoundMethod.php(36): Illuminate\\Queue\\Console\\WorkCommand->handle()
#20 /var/www/vendor/laravel/framework/src/Illuminate/Container/Util.php(43): Illuminate\\Container\\BoundMethod::Illuminate\\Container\\{closure}()
#21 /var/www/vendor/laravel/framework/src/Illuminate/Container/BoundMethod.php(95): Illuminate\\Container\\Util::unwrapIfClosure(Object(Closure))
#22 /var/www/vendor/laravel/framework/src/Illuminate/Container/BoundMethod.php(35): Illuminate\\Container\\BoundMethod::callBoundMethod(Object(Illuminate\\Foundation\\Application), Array, Object(Closure))
#23 /var/www/vendor/laravel/framework/src/Illuminate/Container/Container.php(696): Illuminate\\Container\\BoundMethod::call(Object(Illuminate\\Foundation\\Application), Array, Array, NULL)
#24 /var/www/vendor/laravel/framework/src/Illuminate/Console/Command.php(213): Illuminate\\Container\\Container->call(Array)
#25 /var/www/vendor/symfony/console/Command/Command.php(341): Illuminate\\Console\\Command->execute(Object(Symfony\\Component\\Console\\Input\\ArgvInput), Object(Illuminate\\Console\\OutputStyle))
#26 /var/www/vendor/laravel/framework/src/Illuminate/Console/Command.php(182): Symfony\\Component\\Console\\Command\\Command->run(Object(Symfony\\Component\\Console\\Input\\ArgvInput), Object(Illuminate\\Console\\OutputStyle))
#27 /var/www/vendor/symfony/console/Application.php(1117): Illuminate\\Console\\Command->run(Object(Symfony\\Component\\Console\\Input\\ArgvInput), Object(Symfony\\Component\\Console\\Output\\ConsoleOutput))
#28 /var/www/vendor/symfony/console/Application.php(356): Symfony\\Component\\Console\\Application->doRunCommand(Object(Illuminate\\Queue\\Console\\WorkCommand), Object(Symfony\\Component\\Console\\Input\\ArgvInput), Object(Symfony\\Component\\Console\\Output\\ConsoleOutput))
#29 /var/www/vendor/symfony/console/Application.php(195): Symfony\\Component\\Console\\Application->doRun(Object(Symfony\\Component\\Console\\Input\\ArgvInput), Object(Symfony\\Component\\Console\\Output\\ConsoleOutput))
#30 /var/www/vendor/laravel/framework/src/Illuminate/Foundation/Console/Kernel.php(198): Symfony\\Component\\Console\\Application->run(Object(Symfony\\Component\\Console\\Input\\ArgvInput), Object(Symfony\\Component\\Console\\Output\\ConsoleOutput))
#31 /var/www/vendor/laravel/framework/src/Illuminate/Foundation/Application.php(1235): Illuminate\\Foundation\\Console\\Kernel->handle(Object(Symfony\\Component\\Console\\Input\\ArgvInput), Object(Symfony\\Component\\Console\\Output\\ConsoleOutput))
#32 /var/www/artisan(12): Illuminate\\Foundation\\Application->handleCommand(Object(Symfony\\Component\\Console\\Input\\ArgvInput))
#33 {main}

[previous exception] [object] (PDOException(code: 42P01): SQLSTATE[42P01]: Undefined table: 7 ERROR:  relation \"failed_jobs\" does not exist
LINE 1: insert into \"failed_jobs\" (\"uuid\", \"connection\", \"queue\", \"p...
                    ^ at /var/www/vendor/laravel/framework/src/Illuminate/Database/Connection.php:571)
[stacktrace]
#0 /var/www/vendor/laravel/framework/src/Illuminate/Database/Connection.php(571): PDOStatement->execute()
#1 /var/www/vendor/laravel/framework/src/Illuminate/Database/Connection.php(812): Illuminate\\Database\\Connection->Illuminate\\Database\\{closure}('insert into \"fa...', Array)
#2 /var/www/vendor/laravel/framework/src/Illuminate/Database/Connection.php(779): Illuminate\\Database\\Connection->runQueryCallback('insert into \"fa...', Array, Object(Closure))
#3 /var/www/vendor/laravel/framework/src/Illuminate/Database/Connection.php(560): Illuminate\\Database\\Connection->run('insert into \"fa...', Array, Object(Closure))
#4 /var/www/vendor/laravel/framework/src/Illuminate/Database/Connection.php(524): Illuminate\\Database\\Connection->statement('insert into \"fa...', Array)
#5 /var/www/vendor/laravel/framework/src/Illuminate/Database/Query/Builder.php(3717): Illuminate\\Database\\Connection->insert('insert into \"fa...', Array)
#6 /var/www/vendor/laravel/framework/src/Illuminate/Queue/Failed/DatabaseUuidFailedJobProvider.php(58): Illuminate\\Database\\Query\\Builder->insert(Array)
#7 /var/www/vendor/laravel/framework/src/Illuminate/Queue/Console/WorkCommand.php(333): Illuminate\\Queue\\Failed\\DatabaseUuidFailedJobProvider->log('redis', 'default', '{\"uuid\":\"a3d6ff...', Object(Symfony\\Component\\Routing\\Exception\\RouteNotFoundException))
#8 /var/www/vendor/laravel/framework/src/Illuminate/Queue/Console/WorkCommand.php(202): Illuminate\\Queue\\Console\\WorkCommand->logFailedJob(Object(Illuminate\\Queue\\Events\\JobFailed))
#9 /var/www/vendor/laravel/framework/src/Illuminate/Events/Dispatcher.php(459): Illuminate\\Queue\\Console\\WorkCommand->Illuminate\\Queue\\Console\\{closure}(Object(Illuminate\\Queue\\Events\\JobFailed))
#10 /var/www/vendor/laravel/framework/src/Illuminate/Events/Dispatcher.php(287): Illuminate\\Events\\Dispatcher->Illuminate\\Events\\{closure}('Illuminate\\\\Queu...', Array)
#11 /var/www/vendor/laravel/framework/src/Illuminate/Events/Dispatcher.php(267): Illuminate\\Events\\Dispatcher->invokeListeners('Illuminate\\\\Queu...', Array, false)
#12 /var/www/vendor/laravel/framework/src/Illuminate/Queue/Jobs/Job.php(221): Illuminate\\Events\\Dispatcher->dispatch('Illuminate\\\\Queu...')
#13 /var/www/vendor/laravel/framework/src/Illuminate/Queue/Worker.php(605): Illuminate\\Queue\\Jobs\\Job->fail(Object(Symfony\\Component\\Routing\\Exception\\RouteNotFoundException))
#14 /var/www/vendor/laravel/framework/src/Illuminate/Queue/Worker.php(551): Illuminate\\Queue\\Worker->failJob(Object(Illuminate\\Queue\\Jobs\\RedisJob), Object(Symfony\\Component\\Routing\\Exception\\RouteNotFoundException))
#15 /var/www/vendor/laravel/framework/src/Illuminate/Queue/Worker.php(474): Illuminate\\Queue\\Worker->markJobAsFailedIfWillExceedMaxAttempts('redis', Object(Illuminate\\Queue\\Jobs\\RedisJob), 3, Object(Symfony\\Component\\Routing\\Exception\\RouteNotFoundException))
#16 /var/www/vendor/laravel/framework/src/Illuminate/Queue/Worker.php(448): Illuminate\\Queue\\Worker->handleJobException('redis', Object(Illuminate\\Queue\\Jobs\\RedisJob), Object(Illuminate\\Queue\\WorkerOptions), Object(Symfony\\Component\\Routing\\Exception\\RouteNotFoundException))
#17 /var/www/vendor/laravel/framework/src/Illuminate/Queue/Worker.php(392): Illuminate\\Queue\\Worker->process('redis', Object(Illuminate\\Queue\\Jobs\\RedisJob), Object(Illuminate\\Queue\\WorkerOptions))
#18 /var/www/vendor/laravel/framework/src/Illuminate/Queue/Worker.php(178): Illuminate\\Queue\\Worker->runJob(Object(Illuminate\\Queue\\Jobs\\RedisJob), 'redis', Object(Illuminate\\Queue\\WorkerOptions))
#19 /var/www/vendor/laravel/framework/src/Illuminate/Queue/Console/WorkCommand.php(149): Illuminate\\Queue\\Worker->daemon('redis', 'default', Object(Illuminate\\Queue\\WorkerOptions))
#20 /var/www/vendor/laravel/framework/src/Illuminate/Queue/Console/WorkCommand.php(132): Illuminate\\Queue\\Console\\WorkCommand->runWorker('redis', 'default')
#21 /var/www/vendor/laravel/framework/src/Illuminate/Container/BoundMethod.php(36): Illuminate\\Queue\\Console\\WorkCommand->handle()
#22 /var/www/vendor/laravel/framework/src/Illuminate/Container/Util.php(43): Illuminate\\Container\\BoundMethod::Illuminate\\Container\\{closure}()
#23 /var/www/vendor/laravel/framework/src/Illuminate/Container/BoundMethod.php(95): Illuminate\\Container\\Util::unwrapIfClosure(Object(Closure))
#24 /var/www/vendor/laravel/framework/src/Illuminate/Container/BoundMethod.php(35): Illuminate\\Container\\BoundMethod::callBoundMethod(Object(Illuminate\\Foundation\\Application), Array, Object(Closure))
#25 /var/www/vendor/laravel/framework/src/Illuminate/Container/Container.php(696): Illuminate\\Container\\BoundMethod::call(Object(Illuminate\\Foundation\\Application), Array, Array, NULL)
#26 /var/www/vendor/laravel/framework/src/Illuminate/Console/Command.php(213): Illuminate\\Container\\Container->call(Array)
#27 /var/www/vendor/symfony/console/Command/Command.php(341): Illuminate\\Console\\Command->execute(Object(Symfony\\Component\\Console\\Input\\ArgvInput), Object(Illuminate\\Console\\OutputStyle))
#28 /var/www/vendor/laravel/framework/src/Illuminate/Console/Command.php(182): Symfony\\Component\\Console\\Command\\Command->run(Object(Symfony\\Component\\Console\\Input\\ArgvInput), Object(Illuminate\\Console\\OutputStyle))
#29 /var/www/vendor/symfony/console/Application.php(1117): Illuminate\\Console\\Command->run(Object(Symfony\\Component\\Console\\Input\\ArgvInput), Object(Symfony\\Component\\Console\\Output\\ConsoleOutput))
#30 /var/www/vendor/symfony/console/Application.php(356): Symfony\\Component\\Console\\Application->doRunCommand(Object(Illuminate\\Queue\\Console\\WorkCommand), Object(Symfony\\Component\\Console\\Input\\ArgvInput), Object(Symfony\\Component\\Console\\Output\\ConsoleOutput))
#31 /var/www/vendor/symfony/console/Application.php(195): Symfony\\Component\\Console\\Application->doRun(Object(Symfony\\Component\\Console\\Input\\ArgvInput), Object(Symfony\\Component\\Console\\Output\\ConsoleOutput))
#32 /var/www/vendor/laravel/framework/src/Illuminate/Foundation/Console/Kernel.php(198): Symfony\\Component\\Console\\Application->run(Object(Symfony\\Component\\Console\\Input\\ArgvInput), Object(Symfony\\Component\\Console\\Output\\ConsoleOutput))
#33 /var/www/vendor/laravel/framework/src/Illuminate/Foundation/Application.php(1235): Illuminate\\Foundation\\Console\\Kernel->handle(Object(Symfony\\Component\\Console\\Input\\ArgvInput), Object(Symfony\\Component\\Console\\Output\\ConsoleOutput))
#34 /var/www/artisan(12): Illuminate\\Foundation\\Application->handleCommand(Object(Symfony\\Component\\Console\\Input\\ArgvInput))
#35 {main}
"} 
